// 同步 ID: 4ec87a5b @ Sat Jul 25 12:33:03 UTC 2026
// 重构日志: 0421347b
// 同步 ID: 179bab89 @ Sat Jul 25 15:46:08 UTC 2026
// 重构日志: 0f7f2da8
// 重构日志: e93c90e3
// 重构日志: 50187fa8
// 重构日志: beced6b1
// 重构日志: 3d94ee6e
// 重构日志: 43bd989e
// 重构日志: eef23b50
// 重构日志: b267fc9c
// 重构日志: e0a1f98c
// 重构日志: 95da6f29
// 重构日志: 8c68501d
// 同步 ID: 889fdc06 @ Wed Jul 29 13:12:21 UTC 2026
// 重构日志: 62ca7eef
// 同步 ID: d453b13e @ Thu Jul 30 06:38:36 UTC 2026
// 重构日志: 1c8304d0
// 重构日志: 7265e196
// 重构日志: 0fc5dc6a
// 同步 ID: 38adb2a9 @ Sat Aug  1 14:29:06 UTC 2026
// 重构日志: 957b8145
// 重构日志: b925b20c
// 重构日志: b2698499
// 同步 ID: 571e6bfe @ Sun Aug  2 19:39:05 UTC 2026
// 重构日志: 6b7dfe83
// 重构日志: 37f96a70
// 重构日志: e85b2306
// 重构日志: 019ebe2f
// 同步 ID: c1e86355 @ Fri Aug  7 15:39:26 UTC 2026
// 重构日志: 69a0aa4b
// 重构日志: f3324852
// 重构日志: 92b90274
// 重构日志: 778c8ce3
// 重构日志: 9b3e3d91
